[  0000000] Initializing cgroup subsys cpuset
[    0.000000] Initializing cgroup subsys cpu
[    0.000000] Initializing cgroup subsys cpuacct
[    0.000000] Lnuverson44.4.-130geri (buiddlg1-amd-0) (gcveion .4 2160609(Unt 5.0ubunu16.4.) #16-UbutuMPTh J 1 08:5:2UT 208 Ubntu 4.4.0-13056eneric4.134)   0.0000] Comand lie:BO_IMAGE=/boot/vminuz-4.-130enri rt=ABEL=loim-rootfs ro console=tty1 console=ttyS0
[   0.0000]ERNEL support cpu:    0000]   Intel enneIntel
   00000   AM AhentiAM
  0.000000]   Centaur CentaurHals
[   0.0000] x8/f: xstatofset[2]:  576, xstate_sizes[2]:  256
[    0.000000] x86/fpu: Supporting SAVE fatre0x01: 87loatg ointresters'   0.00] x86/f: upprtig XSAVE feature 0x02: 'SS rgisters'
[    00000 x86fp Spporting XSAVE feature 0xx04 'X egite'
[  0.0000] 6/puEnled xatfeatures0x conexsie is83byes, sig 'stanar fort.
[   0.0000] 86fp: Ungeage' U ontext swithe
    0000] 82 BOS-povde pysalRAM map
   0.000] IOS-20 [em0x00000000000-0x000000009bf] able
  0.00000 BIOS-82: [me0x0000009f00x00000009fff rseve
   0.000] BIS-20 [mem x00000000f0000x0000000fff] reered[   0.000] BIS-20 [me0x00000000000x000000dffeffff] usable
[    0.0000]BIOS-e820: mem 0x000000df00000x00000ffff] CPdata
[  000000]IO-e20[mm 0x00000ffc00-0000000fffffff rseed
  0.0000] OSe8: em 0x00000000-0x00001fffff] sae[   0.0000 N (Excue isabl pottin:acve
[   00000] SMIO2. preset.
[   00000] ypviordectd:VM
[  0.000]e80: la_p = 01200maxar_pn = 0000000
[   000000]MTR:Disabed
[    .00000 x/PT: MTRs isabd,skippin P initiazaio t.
[    00000 CU RR all la -vituizd syte
    .000] x8PA: Congution [-7 W  WT U UC WBWT U-   
[   .0000] e0:lat_n  0dfff mx_arh_n  0000000
[  .0000] und MPP-ableatme 0x000ff0-x000ff] maedt [fff0000ff
[   0.000]caning  aas f l memryoruption
[   0.00000 RAMIS [em 0x36aa00-0378ff]
[    0.000000] ACPI: Early table checksum verification disabled
[    0.000000] ACPI: RSDP 0x00000000000E0000 000024 (v02 VBOX  )
[    0.000000] ACPI: XSDT 0x00000000DFFF0030 00003C (v01 VBOX   VBOXXSDT 00000001 ASL  00000061)
[    0.000000] APIFACP0x0000DF000 00004 04VBO  VBFACP00001 AS 000061
   0.000] PIDSDTx00000DF0470 00E0(v01BO  VBOXBI 0000002 NT 201528)
[    0.000000] ACPI: FACS 0x00000000DFFF0200 000040
[    0.000000] ACPI: FACS 0x00000000DFFF0200 000040
[    0.000000] ACPI: APIC 0x00000000DFFF0240 00005C (v02 VBOX   VBOXAPIC 00000001 ASL  00000061)[   0000] ACI:SDT 0x00000DF00 00CCv01 VBOX  OXCPUT 00000002 INTL 20100528)
[    0.000000] No NUA nfigrati fun
[  0.0000 Fki anoe at [mem 00000000000000-x000001ffffff]
[    00000] ODDAA(0) aloatd [em0x11ff70-x11fffbf]
[   0.0000] m-ock:Usngsrs b5d0 and 4b6400
[  000000] km-oc: pu, sr 1:fe00 pmary cu oc
  0.00000] kv-cck: ungched ofs o 379732 cyces[     0.000000] loksouce km-loc mask:0xfffffffffffff max_cycles: 0x1cd42e4dffb, max_idle_ns: 8819059183ns
[  0000000Zo ranes
[   0.000]  DM    emx0000000010-000000000ffff]
  0.0000] DM32   me0x0000001000000-0x000000fffff]
[  0.000000]   ormal  mem 00000000000-0x000000011fffffff]
[    0.000000]   Device   empty
[    0.000000] Movabl ze tart r ch nde
[    .0000] ary meryode ans
[   00000   noe   0 [m x0000000001000-x00000009ff][  0.0000  node   [memx0000000010000-0x000000dffefff]
   00000   no  0: [mem 0x000010000-0x00001fffffff]   0.000] Initmm etp node 0mem0x000000010000x000011ffffff
  0.0000] PI PM-TierO Pot:x408
[  000000 IPIC[0] aicid 2, erion 7,ddress xfc000 GI -23   0.00000 ACP: T_RC_O (us b_irq0 obl_irq2 l fl
  0.0000 API:NTRC_OV(b 0 bs_q  globl_q 9 igleel)[   00000] sig ACPI (MAT)or SMcoiguraoninformio
[   0.000]mpot: llin 2 Cs,0 otpluCPs[  0.00000PM: egteed navmemoy:me 0x00000x000ff][    0.000] PM:Restred save memory: [mem 0x0009f000-0x0009ffff]
[   0.00000PM: Risred ose mery[mem 000000-00efff]
   0.000000] PM: Registered nosae meor: em 0x00f000-000ffff]
[   .00000] M:Regstednosav mor: [me 0ff000-dfffff
   00000 PM: egteed nosvememoy: [mem0xe0000000xffbfff
[   0.0000]M: Rested nav memoy:me 0ffc00-0xfffff]
[    00000 e8: me 0xe00000xfffff] availalefo PI dic
[   00000]Boin paravirtalzed kernelonVM
   00000] locksouce refiediffies: as 0xfffffmax_cycl: xfffffffmax_ide_s:645519621568 n
   0.000] seuperpu: NCP:512 nr_cpuas_bit:5 nr_c_i:2 nrno_is:
[    0.000000] PERCPU: Embedded 34 pages/cp @ff881f00000s954r8192 d328u1048576
[   0.0000] V splok astale entrie 26 orr: 0, 496yts)
[   00000]uit 1 zelst iNoe ordr,oblitygrpig on.Toalpas:103205
[    0.000000] Policy zone: Normal
[    0.000000] Kernel command line: BOOTIMAG=/otvmlin-4.0-10-enic ro=LBEL=oudimg-rofsro cnse=tty1cool=tyS
[   0.0000]PIDas tableenri: 409(oder 33268 byes
[   0.00000]emor: 4210K/4138K vailbl(846keel coe, 1313 rdata400Krodaa,51K init, 1316K bss, 161728K reserved, 0K a-esrved)
[    0.000000] SLUB: HWalign=64, Order=0-3, MinObjects=0, CPUs=2, Nodes=1
[    0.000000] Kernel/User page tables isolation: enabled
[    0.000000] Hierarchical RCU implementation.
[    0.000000] 	Build-time adjustment of leaf fanout to 64.
[    0.000000] 	RCU restricting CPUs from NR_CPUS=512 to nr_cpu_ids=2.
[    0.000000] RCU: Adjusting geometry for rcu_fanout_leaf=64, nr_cpu_ds=2
[    0.000000] NR_IRQS:33024 nr_irqs:440 16
[    0.000000] Consoe:coour VGA+0x
[   .00000] onol [tt1] abed
[  0000000] console [ttyS] abed
   0.000000] tsc: Detected 2700.000 MHz processor
[   25.442857] Calibrating delay loop (skipped) preset value.. 5400.00 BogoMIPS (lpj=10800000)
[   25.529757] pid_max: default: 32768 minimum: 301
[   25.575389] ACPI: Core revision 20150930
[   25.611094] ACPI: 2 ACPI AML tables successfully acquired and loaded
[   25.613383] Security Framework initialized
[   25.655105] Yama: becoming mindful.
[   25.691586] AppArmor: AppArmor initialized
[   25.773308] Dentry cache hash table entries: 524288 (order: 10, 4194304 bytes)
[   25.884164] Inode-cache hash table entries: 262144 (order: 9, 2097152 bytes)
[   25.949018] Mount-cache hash table entries: 8192 (order: 4, 65536 bytes)
[   26.047615] Mountpoint-cache hash table entries: 8192 (order: 4, 65536 bytes)
[   26.134642] Initializing cgroup subsys io
[   26.140571] Initializing cgroup subsys memory
[   26.146301] Initializing cgroup subsys devices
[   26.208705] Initializing cgroup subsys freezer
[   26.269232] Initializing cgroup subsys net_cls
[   26.299066] Initializing cgroup subsys perf_event
[   26.366575] Initializing cgroup subsys net_prio
[   26.391893] Initializing cgroup subsys hugetlb
[   26.435589] Initializing cgroup subsys pids
[   26.494812] CPU: Physical Processor ID: 0
[   26.518266] CPU: Processor Core ID: 0
[   26.520558] mce: CPU supports 0 MCE banks
[   26.531578] Last level iTLB entries: 4KB 64, 2MB 8, 4MB 8
[   26.559139] Last level dTLB entries: 4KB 64, 2MB 0, 4MB 0, 1GB 4
[   26.579499] Spectre V2 : Mitigation: Full generic retpoline
[   26.613519] Spectre V2 : Speculation control IBPB not-supported IBRS not-supported
[   26.629288] Speculative Store Bypass: Vulnerable
[   26.701613] Freeing SMP alternatives memory: 32K
[   26.760206] ftrace: allocating 32245 entries in 126 pages
[   26.850388] smpboot: APIC(0) Converting physical 0 to logical package 0
[   26.894036] smpboot: Max logical packages: 1
[   26.896876] ..TIMER: vector=0x30 apic1=0 pin1=2 apic2=-1 pin2=-1
[   27.030839] smpboot: CPU0: Intel(R) Core(TM) i5-5257U CPU @ 2.70GHz (family: 0x6, model: 0x3d, stepping: 0x4)
[   27.086637] Performance Events: unsupported p6 CPU model 61 no PMU driver, software events only.
[   27.216056] KVM setup paravirtual spinlock
[   27.261951] x86: Booting SMP configuration:
[   27.287051] .... node  #0, CPUs:      #1
[   27.322796] kvm-clock: cpu 1, msr 1:1ffef041, secondary cpu clock
[   27.333451] mce: CPU supports 0 MCE banks
[   27.347028] x86: Booted up 1 node, 2 CPUs
[   27.403711] smpboot: Total of 2 processors activated (10800.00 BogoMIPS)
[   27.474082] devtmpfs: initialized
[   27.493187] evm: security.selinux
[   27.500866] evm: security.SMACK64
[   27.513230] evm: security.SMACK64EXEC
[   27.532086] evm: security.SMACK64TRANSMUTE
[   27.568099] evm: security.SMACK64MMAP
[   27.598256] evm: security.ima
[   27.604693] evm: security.capability
[   27.634090] clocksource: jiffies: mask: 0xffffffff max_cycles: 0xffffffff, max_idle_ns: 7645041785100000 ns
[   27.760965] futex hash table entries: 512 (order: 3, 32768 bytes)
[   27.820844] pinctrl core: initialized pinctrl subsystem
[   27.849383] RTC time:  0:56:55, date: 07/25/18
[   27.851324] NET: Registered protocol family 16
[   27.883507] cpuidle: using governor ladder
[   27.932201] cpuidle: using governor menu
[   27.975690] PCCT header not found.
[   27.988176] ACPI: bus type PCI registered
[   27.990064] acpiphp: ACPI Hot Plug PCI Controller Driver version: 0.5
[   28.001409] PCI: Using configuration type 1 for base access
[   28.089125] ACPI: Added _OSI(Module Device)
[   28.131491] ACPI: Added _OSI(Processor Device)
[   28.147364] ACPI: Added _OSI(3.0 _SCP Extensions)
[   28.149905] ACPI: Added _OSI(Processor Aggregator Device)
[   28.182157] ACPI: Executed 1 blocks of module-level executable AML code
[   28.194652] ACPI: Interpreter enabled
[   28.200774] ACPI: (supports S0 S5)
[   28.228472] ACPI: Using IOAPIC for interrupt routing
[   28.267348] PCI: Using host bridge windows from ACPI; if necessary, use "pci=nocrs" and report a bug
[   28.338026] ACPI: PCI Root Bridge [PCI0] (domain 0000 [bus 00-ff])
[   28.364912] acpi PNP0A03:00: _OSC: OS supports [ASPM ClockPM Segments MSI]
[   28.373346] acpi PNP0A03:00: _OSC failed (AE_NOT_FOUND); disabling ASPM
[   28.393170] acpi PNP0A03:00: fail to add MMCONFIG information, can't access extended PCI configuration space under this bridge.
[   28.425951] PCI host bridge to bus 0000:00
[   28.442284] pci_bus 0000:00: root bus resource [io  0x0000-0x0cf7 window]
[   28.466560] pci_bus 0000:00: root bus resource [io  0x0d00-0xffff window]
[   28.499904] pci_bus 0000:00: root bus resource [mem 0x000a0000-0x000bffff window]
[   28.587701] pci_bus 0000:00: root bus resource [mem 0xe0000000-0xffdfffff window]
[   28.693134] pci_bus 0000:00: root bus resource [bus 00-ff]
[   28.787634] pci 0000:00:01.1: legacy IDE quirk: reg 0x10: [io  0x01f0-0x01f7]
[   28.887726] pci 0000:00:01.1: legacy IDE quirk: reg 0x14: [io  0x03f6]
[   28.984663] pci 0000:00:01.1: legacy IDE quirk: reg 0x18: [io  0x0170-0x0177]
[   29.060326] pci 0000:00:01.1: legacy IDE quirk: reg 0x1c: [io  0x0376]
[   29.185871] ACPI: PCI Interrupt Link [LNKA] (IRQs 5 9 10 11) *0, disabled.
[   29.268132] ACPI: PCI Interrupt Link [LNKB] (IRQs 5 9 10 *11)
[   29.342617] ACPI: PCI Interrupt Link [LNKC] (IRQs 5 9 *10 11)
[   29.383835] ACPI: PCI Interrupt Link [LNKD] (IRQs 5 *9 10 11)
[   29.453270] ACPI: Enabled 2 GPEs in block 00 to 07
[   29.455983] vgaarb: setting as boot device: PCI:0000:00:02.0
[   29.509846] vgaarb: device added: PCI:0000:00:02.0,decodes=io+mem,owns=io+mem,locks=none
[   29.589874] vgaarb: loaded
[   29.597994] vgaarb: bridge control possible 0000:00:02.0
[   29.660248] SCSI subsystem initialized
[   29.699783] ACPI: bus type USB registered
[   29.736160] usbcore: registered new interface driver usbfs
[   29.797095] usbcore: registered new interface driver hub
[   29.869142] usbcore: registered new device driver usb
[   29.931340] PCI: Using ACPI for IRQ routing
[   29.953432] NetLabel: Initializing
[   29.968698] NetLabel:  domain hash size = 128
[   29.980921] NetLabel:  protocols = UNLABELED CIPSOv4
[   30.012640] NetLabel:  unlabeled traffic allowed by default
[   30.107875] amd_nb: Cannot enumerate AMD northbridges
[   30.167823] clocksource: Switched to clocksource kvm-clock
[   0.35] pAmo: pAorilysm abd  302200pn P APIni
[ 312289 pp: PP PIfod dece

[   31.723627] clocksource: acpi_pm: mask: 0xffffff max_cycles: 0xffffff, max_idle_ns: 2085701024 ns
[   31.746149] NET: Registered protocol family 2
[   31.749661] TCP established hash table entries: 32768 (order: 6, 262144 bytes)
[   31.792688] TCP bind hash table entries: 32768 (order: 7, 524288 bytes)
[   31.818962] TCP: Hash tables configured (established 32768 bind 32768)
[   31.918048] UDP hash table entries: 2048 (order: 4, 65536 bytes)
[   31.929852] UDP-Lite hash table entries: 2048 (order: 4, 65536 bytes)
[   31.992135] NET: Registered protocol family 1
[   32.000130] pci 0000:00:00.0: Limiting direct PCI/PCI transfers
[   32.024954] pci 0000:00:01.0: Activating ISA DMA hang workarounds
[   32.129956] Unpacking initramfs...
[   33.914489] Freeing initrd memory: 10908K
[   34.006684] PCI-DMA: Using software bounce buffering for IO (SWIOTLB)
[   34.058578] software IO TLB [mem 0xdbff0000-0xdfff0000] (64MB) mapped at [ffff8800dbff0000-ffff8800dffeffff]
[   34.144910] RAPL PMU detected, API unit is 2^-32 Joules, 4 fixed counters 10737418240 ms ovfl timer
[   34.158418] hw unit of domain pp0-core 2^-0 Joules
[   34.165716] hw unit of domain package 2^-0 Joules
[   34.213622] hw unit of domain dram 2^-0 Joules
[   34.292549] hw unit of domain pp1-gpu 2^-0 Joules
[   4.3765 ptfm c_osrestedlaorRTdecenoNPeve oud)
[  35.32899] Scanning for low memory rrti ery0 cos  5.849]scReneTSclksrccalibratin:270.34 M
[   35.368501] clocksource: tsc: mask: 0xffffffffffffffff max_cycles: 0x26ec817ac69, max_idle_ns: 440795298360 ns
[   36.644146] audit: initializing netlink subsys (disabled)
[   36.721191] audit: type=2000 audit(1532480200.340:1): initialized
[   36.828258] Initialise system trusted keyring
[   36.909050] HugeTLB registered 2 MB page size, pre-allocated 0 pages
[   37.049858] zbud: loaded
[   37.068153] VFS: Disk quotas dquot_6.6.0
[   37.100519] VFS: Dquot-cache hash table entries: 512 (order 0, 4096 bytes)
[   37.142321] squashfs: version 4.0 (2009/01/31) Phillip Lougher
[   37.196363] fuse init (API version 7.23)
[   37.230483] Key type big_key registered
[   37.250758] Allocating IMA MOK and blacklist keyrings.
[   37.342077] Key type asymmetric registered
[   37.404624] Asymmetric key parser 'x509' registered
[   37.440197] Block layer SCSI generic (bsg) driver version 0.4 loaded (major 249)
[   37.516643] io scheduler noop registered
[   37.576249] io scheduler deadline registered (default)
[   37.647474] io scheduler cfq registered
[   37.713782] pci_hotplug: PCI Hot Plug PCI Core version: 0.5
[   37.759885] pciehp: PCI Express Hot Plug Controller Driver version: 0.4
[   37.948176] ACPI: AC Adapter [AC] (off-line)
[   37.961092] input: Power Button as /devices/LNXSYSTM:00/LNXPWRBN:00/input/input0
[   37.983687] ACPI: Power Button [PWRF]
[   38.005696] input: Sleep Button as /devices/LNXSYSTM:00/LNXSLPBN:00/input/input1
[   38.163836] ACPI: Sleep Button [SLPF]
[   38.288545] GHES: HEST is not enabled!
[   38.290346] ACPI: Battery Slot [BAT0] (battery present)
[   38.465587] Serial: 8250/16550 driver, 32 ports, IRQ sharing enabled
[   38.591183] 00:02: ttyS0 at I/O 0x3f8 (irq = 4, base_baud = 115200) is a 16550A
[   38.648984] Linux agpgart interface v0.103
[   38.672210] loop: module loaded
[   38.721426] scsi host0: ata_piix
[   38.776795] scsi host1: ata_piix
[   38.840873] ata1: PATA max UDMA/33 cmd 0x1f0 ctl 0x3f6 bmdma 0xd000 irq 14
[   38.870504] ata2: PATA max UDMA/33 cmd 0x170 ctl 0x376 bmdma 0xd008 irq 15
[   38.961460] libphy: Fixed MDIO Bus: probed
[   39.008715] tun: Universal TUN/TAP device driver, 1.6
[   39.036431] tun: (C) 1999-2004 Max Krasnyansky <maxk@qualcomm.com>
[   39.071919] PPP generic driver version 2.4.2
[   39.104343] ehci_hcd: USB 2.0 'Enhanced' Host Controller (EHCI) Driver
[   39.156469] ehci-pci: EHCI PCI platform driver
[   39.198722] ehci-platform: EHCI generic platform driver
[   39.221475] ohci_hcd: USB 1.1 'Open' Host Controller (OHCI) Driver
[   39.287406] ohci-pci: OHCI PCI platform driver
[   39.358978] ohci-platform: OHCI generic platform driver
[   39.441872] uhci_hcd: USB Universal Host Controller Interface driver
[   39.490952] i8042: PNP: PS/2 Controller [PNP0303:PS2K,PNP0f03:PS2M] at 0x60,0x64 irq 1,12
[   39.679068] serio: i8042 KBD port at 0x60,0x64 irq 1
[   39.728861] serio: i8042 AUX port at 0x60,0x64 irq 12
[   39.764265] mousedev: PS/2 mouse device common for all mice
[   39.851766] rtc_cmos rtc_cmos: rtc core: registered rtc_cmos as rtc0
[   39.928391] rtc_cmos rtc_cmos: alarms up to one day, 114 bytes nvram
[   40.067928] input: AT Translated Set 2 keyboard as /devices/platform/i8042/serio0/input/input2
[   40.072527] i2c /dev entries driver
[   40.072654] device-mapper: uevent: version 1.0.3
[   40.181856] device-mapper: ioctl: 4.34.0-ioctl (2015-10-28) initialised: dm-devel@redhat.com
[   40.181879] ledtrig-cpu: registered to indicate activity on CPUs
[   40.182173] NET: Registered protocol family 10
[   40.182315] NET: Registered protocol family 17
[   40.182323] Key type dns_resolver registered
[   40.182538] registered taskstats version 1
[   40.182557] Loading compiled-in X.509 certificates
[   40.183138] Loaded X.509 cert 'Build time autogenerated kernel key: b3e0fe4bcd6378c38a2c0a4648abbc1fa5043a22'
[   40.183155] zswap: loaded using pool lzo/zbud
[   40.184830] Key type trusted registered
[   40.187521] Key type encrypted registered
[   40.187527] AppArmor: AppArmor sha1 policy hashing enabled
[   40.187530] ima: No TPM chip found, activating TPM-bypass!
[   40.187535] ima: Allocated hash algorithm: sha1
[   40.187548] evm: HMAC attrs: 0x1
[   40.187846]   Magic number: 10:771:911
[   40.187992] rtc_cmos rtc_cmos: setting system clock to 2018-07-25 00:57:07 UTC (1532480227)
[   40.188061] BIOS EDD facility v0.16 2004-Jun-25, 0 devices found
[   40.188061] EDD information not available.
[   41.048693] Freeing unused kernel memory: 1516K
[   41.668227] Write protecting the kernel read-only data: 14336k
[   41.699787] Freeing unused kernel memory: 1680K
[   41.738554] Freeing unused kernel memory: 96K
Loading, please wait...
starting version[   41.813073] random: systemd-udevd: uninitialized urandom read (16 bytes read, 7 bits of entropy available)
 229
[   41.813243] random: udevadm: uninitialized urandom read (16 bytes read, 7 bits of entropy available)
[   41.813266] random: udevadm: uninitialized urandom read (16 bytes read, 7 bits of entropy available)
[   41.825990] random: udevadm: uninitialized urandom read (16 bytes read, 7 bits of entropy available)
[   41.826052] random: udevadm: uninitialized urandom read (16 bytes read, 7 bits of entropy available)
[   41.826239] random: udevadm: uninitialized urandom read (16 bytes read, 7 bits of entropy available)
[   41.826309] random: udevadm: uninitialized urandom read (16 bytes read, 7 bits of entropy available)
[   41.826380] random: udevadm: uninitialized urandom read (16 bytes read, 7 bits of entropy available)
[   41.826449] random: udevadm: uninitialized urandom read (16 bytes read, 7 bits of entropy available)
[   41.826516] random: udevadm: uninitialized urandom read (16 bytes read, 7 bits of entropy available)
[   42.247964] e1000: Intel(R) PRO/1000 Network Driver - version 7.3.21-k8-NAPI
[   42.268777] e1000: Copyright (c) 1999-2006 Intel Corporation.
[   42.276278] Fusion MPT base driver 3.04.20
[   42.295944] Copyright (c) 1999-2008 LSI Corporation
[   42.327455] Fusion MPT SPI Host driver 3.04.20
[   42.371553] AVX version of gcm_enc/dec engaged.
[   42.428248] AES CTR mode by8 optimization enabled
[   42.555811] input: ImExPS/2 Generic Explorer Mouse as /devices/platform/i8042/serio1/input/input4
[   42.750870] e1000 0000:00:03.0 eth0: (PCI:33MHz:32-bit) 02:21:52:1a:0a:14
[   43.393388] e1000 0000:00:03.0 eth0: Intel(R) PRO/1000 Network Connection
[   43.408401] mptbase: ioc0: Initiating bringup
[   43.409453] e1000 0000:00:03.0 enp0s3: renamed from eth0
[   43.597009] ioc0: LSI53C1030 A0: Capabilities={Initiator}
[   43.787809] scsi host2: ioc0: LSI53C1030 A0, FwRev=00000000h, Ports=1, MaxQ=256, IRQ=20
[   43.916556] scsi 2:0:0:0: Direct-Access     VBOX     HARDDISK         1.0  PQ: 0 ANSI: 5
[   43.981812] scsi target2:0:0: Beginning Domain Validation
[   44.063849] scsi target2:0:0: Domain Validation skipping write tests
[   44.072857] scsi target2:0:0: Ending Domain Validation
[   44.092544] scsi target2:0:0: asynchronous
[   44.149381] scsi 2:0:1:0: Direct-Access     VBOX     HARDDISK         1.0  PQ: 0 ANSI: 5
[   44.216670] scsi target2:0:1: Beginning Domain Validation
[   44.269698] scsi target2:0:1: Domain Validation skipping write tests
[   44.305972] scsi target2:0:1: Ending Domain Validation
[   44.337521] scsi target2:0:1: asynchronous
[   44.421270] sd 2:0:0:0: [sda] 20971520 512-byte logical blocks: (10.7 GB/10.0 GiB)
[   44.482725] sd 2:0:0:0: [sda] Write Protect is off
[   44.485321] sd 2:0:0:0: Attached scsi generic sg0 type 0
[   44.535007] sd 2:0:0:0: [sda] Incomplete mode parameter data
[   44.596642] sd 2:0:0:0: [sda] Assuming drive cache: write through
[   44.600397] sd 2:0:1:0: Attached scsi generic sg1 type 0
[   44.679169] sd 2:0:1:0: [sdb] 20480 512-byte logical blocks: (10.5 MB/10.0 MiB)
[   44.748600] sd 2:0:1:0: [sdb] Write Protect is off
[   44.812053]  sda: sda1
[   44.826810] sd 2:0:0:0: [sda] Attached SCSI disk
[   75.368101] mptscsih: ioc0: attempting task abort! (sc=ffff88011a56f980)
[   75.546714] sd 2:0:1:0: tag#0 CDB: Mode Sense(6) 1a 00 08 00 04 00
[   76.237884] mptscsih: ioc0: task abort: FAILED (rv=2003) (sc=ffff88011a56f980)
[   76.491785] mptscsih: ioc0: attempting target reset! (sc=ffff88011a56f980)
[   76.518601] sd 2:0:1:0: tag#0 CDB: Mode Sense(6) 1a 00 08 00 04 00
[   77.360174] mptscsih: ioc0: target reset: SUCCESS (sc=ffff88011a56f980)
[   77.485365] sd 2:0:1:0: [sdb] Incomplete mode parameter data
[   77.557957] sd 2:0:1:0: [sdb] Assuming drive cache: write through
[   77.621191] sd 2:0:1:0: [sdb] Attached SCSI disk
Begin: Loading essential drivers[   79.215178] md: linear personality registered for level -1
 ... [   79.233479] md: multipath personality registered for level -4
[   79.263023] md: raid0 personality registered for level 0
[   79.287455] md: raid1 personality registered for level 1
[   79.392124] raid6: sse2x1   gen()  7388 MB/s
[   79.528103] raid6: sse2x1   xor()  6023 MB/s
[   79.631877] raid6: sse2x2   gen() 10353 MB/s
[   79.752073] raid6: sse2x2   xor()  3530 MB/s
[   79.847953] raid6: sse2x4   gen()  6360 MB/s
[   79.948618] raid6: sse2x4   xor()  7652 MB/s
[   79.996745] raid6: using algorithm sse2x2 gen() 10353 MB/s
[   80.024996] raid6: .... xor() 3530 MB/s, rmw enabled
[   80.085011] raid6: using ssse3x2 recovery algorithm
[   80.114554] xor: automatically using best checksumming function:
[   80.220195]    avx       : 20129.000 MB/sec
[   80.281883] async_tx: api initialized (async)
[   80.362150] md: raid6 personality registered for level 6
[   80.454391] md: raid5 personality registered for level 5
[   80.536566] md: raid4 personality registered for level 4
[   80.597571] md: raid10 personality registered for level 10
done.
Begin: Running /scripts/init-premount ... done.
Begin: Mounting root fil[   80.718123] Btrfs loaded
e system ... Begin: Running /scripts/local-top ... done.
Begin: Running /scripts/local-premount[   80.832510] EXT4-fs (sda1): mounted filesystem with ordered data mode. Opts: (null)
 ... Scanning for Btrfs filesystems
done.
Warning: fsck not present, so skipping root file system
done.
Begin: Running /scripts/local-bottom ... done.
Begin: Running /scripts/init-bottom ... done.
[   81.163022] systemd[1]: systemd 229 running in system mode. (+PAM +AUDIT +SELINUX +IMA +APPARMOR +SMACK +SYSVINIT +UTMP +LIBCRYPTSETUP +GCRYPT +GNUTLS +ACL +XZ -LZ4 +SECCOMP +BLKID +ELFUTILS +KMOD -IDN)
[   81.256387] systemd[1]: Detected virtualization oracle.
[   81.338554] systemd[1]: Detected architecture x86-64.

Welcome to [1mUbuntu 16.04.5 LTS[0m!

[   81.454492] systemd[1]: Set hostname to <ubuntu-xenial>.
[   81.722069] random: nonblocking pool is initialized
[   81.928163] systemd[1]: Listening on Device-mapper event daemon FIFOs.
[[0;32m  OK  [0m] Listening on Device-mapper event daemon FIFOs.
[   82.012126] systemd[1]: Listening on udev Control Socket.
[[0;32m  OK  [0m] Listening on udev Control Socket.
[   82.096798] systemd[1]: Set up automount Arbitrary Executable File Formats File System Automount Point.
[[0;32m  OK  [0m] Set up automount Arbitrary Executab...ats File System Automount Point.
[   82.285127] systemd[1]: Reached target System Time Synchronized.
[[0;32m  OK  [0m] Reached target System Time Synchronized.
[   82.406101] systemd[1]: Started Forward Password Requests to Wall Directory Watch.
[[0;32m  OK  [0m] Started Forward Password Requests to Wall Directory Watch.
[   82.489687] systemd[1]: Reached target User and Group Name Lookups.
[[0;32m  OK  [0m] Reached target User and Group Name Lookups.
[   82.588958] systemd[1]: Listening on LVM2 metadata daemon socket.
[[0;32m  OK  [0m] Listening on LVM2 metadata daemon socket.
[   82.653256] systemd[1]: Listening on /dev/initctl Compatibility Named Pipe.
[[0;32m  OK  [0m] Listening on /dev/initctl Compatibility Named Pipe.
[   82.724807] systemd[1]: Started Trigger resolvconf update for networkd DNS.
[[0;32m  OK  [0m] Started Trigger resolvconf update for networkd DNS.
[   82.805434] systemd[1]: Listening on Syslog Socket.
[[0;32m  OK  [0m] Listening on Syslog Socket.
[   82.873455] systemd[1]: Created slice System Slice.
[[0;32m  OK  [0m] Created slice System Slice.
[   82.957514] systemd[1]: Created slice system-serial\x2dgetty.slice.
[[0;32m  OK  [0m] Created slice system-serial\x2dgetty.slice.
[   83.012418] systemd[1]: Reached target Encrypted Volumes.
[[0;32m  OK  [0m] Reached target Encrypted Volumes.
[   83.028087] systemd[1]: Reached target Swap.
[[0;32m  OK  [0m] Reached target Swap.
[   83.088407] systemd[1]: Listening on Journal Socket.
[[0;32m  OK  [0m] Listening on Journal Socket.
[   83.133051] systemd[1]: Starting Set console keymap...
         Starting Set console keymap...
[   83.202576] systemd[1]: Starting Create list of required static device nodes for the current kernel...
         Starting Create list of required st... nodes for the current kernel...
[   83.368555] systemd[1]: Mounting POSIX Message Queue File System...
         Mounting POSIX Message Queue File System...
[   83.476424] systemd[1]: Starting Uncomplicated firewall...
         Starting Uncomplicated firewall...
[   83.544697] systemd[1]: Starting Remount Root and Kernel File Systems...
[   83.552972] EXT4-fs (sda1): re-mounted. Opts: (null)
         Starting Remount Root and Kernel File Systems...
[   83.604641] systemd[1]: Starting Load Kernel Modules...
[   832019Loin iCStrnsrtla v0-70

         Starting Load Kernel Mo[   84.220294] iscsi: registered transport (tcp)
dules...
[   84.304192] systemd[1]: Mounting Debug File System...
         Mounting Debug File Sys[   84.331285] iscsi: registered transport (iser)
tem...
[   84.417319] systemd[1]: Listening on LVM2 poll daemon socket.
[[0;32m  OK  [0m] Listening on LVM2 poll daemon socket.
[   84.544295] systemd[1]: Mounting Huge Pages File System...
         Mounting Huge Pages File System...
[   84.605016] systemd[1]: Listening on Journal Socket (/dev/log).
[[0;32m  OK  [0m] Listening on Journal Socket (/dev/log).
[   84.633930] systemd[1]: Created slice User and Session Slice.
[[0;32m  OK  [0m] Created slice User and Session Slice.
[   84.752444] systemd[1]: Reached target Slices.
[[0;32m  OK  [0m] Reached target Slices.
[   84.824778] systemd[1]: Starting Monitoring of LVM2 mirrors, snapshots etc. using dmeventd or progress polling...
         Starting Monitoring of LVM2 mirrors... dmeventd or progress polling...
[   84.920577] systemd[1]: Listening on udev Kernel Socket.
[[0;32m  OK  [0m] Listening on udev Kernel Socket.
[   84.989080] systemd[1]: Listening on Journal Audit Socket.
[[0;32m  OK  [0m] Listening on Journal Audit Socket.
[   85.072600] systemd[1]: Starting Journal Service...
         Starting Journal Service...
[   85.188980] systemd[1]: Starting Nameserver information manager...
         Starting Nameserver information manager...
[   85.250732] systemd[1]: Mounted Debug File System.
[[0;32m  OK  [0m] Mounted Debug File System.
[   85.276426] systemd[1]: Mounted Huge Pages File System.
[[0;32m  OK  [0m] Mounted Huge Pages File System.
[   85.384485] systemd[1]: Mounted POSIX Message Queue File System.
[[0;32m  OK  [0m] Mounted POSIX Message Queue File System.
[   85.478119] systemd[1]: Started Journal Service.
[[0;32m  OK  [0m] Started Journal Service.
[[0;32m  OK  [0m] Started Set console keymap.
[[0;32m  OK  [0m] Started Create list of required sta...ce nodes for the current kernel.
[[0;32m  OK  [0m] Started Uncomplicated firewall.
[[0;32m  OK  [0m] Started Remount Root and Kernel File Systems.
[[0;32m  OK  [0m] Started Load Kernel Modules.
[[0;32m  OK  [0m] Started Nameserver information manager.
[[0;32m  OK  [0m] Started LVM2 metadata daemon.
         Starting Apply Kernel Variables...
         Mounting FUSE Control File System...
         Starting Load/Save Random Seed...
         Starting udev Coldplug all Devices...
         Starting Create Static Device Nodes in /dev...
         Starting Flush Journal to Persistent Storage...
[[0;32m  OK  [0m] Mounted FUSE Control File System.
[[0;32m  OK  [0m] Started Monitoring of LVM2 mirrors,...ng dmeventd or progress polling.
[[0;32m  OK  [0m] Started Apply Kernel Variables.
[[0;32m  OK  [0m] Started Load/Save Random Seed.
[[0;32m  OK  [0m] Started Create Static Device Nodes in /dev.
[[0;32m  OK  [0m] Started udev Coldplug all Devices.
[[0;32m  OK  [0m] Started Flush Journal to Persistent Storage.
         Starting udev Kernel Device Manager...
[[0;32m  OK  [0m] Started udev Kernel Device Manager.
[[0;32m  OK  [0m] Started Dispatch Password Requests to Console Directory Watch.
[[0;32m  OK  [0m] Reached target Local File Systems (Pre).
[[0;32m  OK  [0m] Reached target Local File Systems.
         Starting Create Volatile Files and Directories...
         Starting Initial cloud-init job (pre-networking)...
         Starting Tell Plymouth To Write Out Runtime Data...
         Starting Set console font and keymap...
         Starting LSB: AppArmor initialization...
[[0;32m  OK  [0m] Started Create Volatile Files and Directories.
[[0;32m  OK  [0m] Started Tell Plymouth To Write Out Runtime Data.
         Starting Update UTMP about System Boot/Shutdown...
[[0;32m  OK  [0m] Found device /dev/ttyS0.
[[0;32m  OK  [0m] Started Update UTMP about System Boot/Shutdown.
[[0;32m  OK  [0m] Listening on Load/Save RF Kill Switch Status /dev/rfkill Watch.
[[0;32m  OK  [0m] Found device 82540EM Gigabit Ethern...r (PRO/1000 MT Desktop Adapter).
[   60.128900] cloud-init[475]: Cloud-init v. 18.2 running 'init-local' at Wed, 25 Jul 2018 00:57:56 +0000. Up 59.37 seconds.
[[0;32m  OK  [0m] Started Set console font and keymap.
[[0;32m  OK  [0m] Started Initial cloud-init job (pre-networking).
[[0;32m  OK  [0m] Reached target Network (Pre).
[[0;32m  OK  [0m] Created slice system-getty.slice.
[[0m[0;31m*     [0m] A start job is running for LSB: App... initialization (13s / no limit)[K[[0;1;31m*[0m[0;31m*    [0m] A start job is running for LSB: App... initialization (13s / no limit)[K[[0;31m*[0;1;31m*[0m[0;31m*   [0m] A start job is running for LSB: App... initialization (14s / no limit)[K[ [0;31m*[0;1;31m*[0m[0;31m*  [0m] A start job is running for LSB: App... initialization (14s / no limit)[K[  [0;31m*[0;1;31m*[0m[0;31m* [0m] A start job is running for LSB: App... initialization (15s / no limit)[K[   [0;31m*[0;1;31m*[0m[0;31m*[0m] A start job is running for LSB: App... initialization (15s / no limit)[K[    [0;31m*[0;1;31m*[0m] A start job is running for LSB: App... initialization (16s / no limit)[K[     [0;31m*[0m] A start job is running for LSB: App... initialization (16s / no limit)[K[    [0;31m*[0;1;31m*[0m] A start job is running for LSB: App... initialization (17s / no limit)[K[   [0;31m*[0;1;31m*[0m[0;31m*[0m] A start job is running for LSB: App... initialization (17s / no limit)[K[  [0;31m*[0;1;31m*[0m[0;31m* [0m] A start job is running for LSB: App... initialization (18s / no limit)[K[ [0;31m*[0;1;31m*[0m[0;31m*  [0m] A start job is running for LSB: App... initialization (18s / no limit)[K[[0;31m*[0;1;31m*[0m[0;31m*   [0m] A start job is running for LSB: App... initialization (19s / no limit)[K[[0;1;31m*[0m[0;31m*    [0m] A start job is running for LSB: App... initialization (19s / no limit)[K[[0m[0;31m*     [0m] A start job is running for LSB: App... initialization (20s / no limit)[K[[0;1;31m*[0m[0;31m*    [0m] A start job is running for LSB: App... initialization (20s / no limit)[K[[0;31m*[0;1;31m*[0m[0;31m*   [0m] A start job is running for LSB: App... initialization (21s / no limit)[K[ [0;31m*[0;1;31m*[0m[0;31m*  [0m] A start job is running for LSB: App... initialization (21s / no limit)[K[  [0;31m*[0;1;31m*[0m[0;31m* [0m] A start job is running for LSB: App... initialization (22s / no limit)[K[   [0;31m*[0;1;31m*[0m[0;31m*[0m] A start job is running for LSB: App... initialization (22s / no limit)[K[    [0;31m*[0;1;31m*[0m] A start job is running for LSB: App... initialization (23s / no limit)[K[     [0;31m*[0m] A start job is running for LSB: App... initialization (23s / no limit)[K[    [0;31m*[0;1;31m*[0m] A start job is running for LSB: App... initialization (24s / no limit)[K[   [0;31m*[0;1;31m*[0m[0;31m*[0m] A start job is running for LSB: App... initialization (24s / no limit)[K[  [0;31m*[0;1;31m*[0m[0;31m* [0m] A start job is running for LSB: App... initialization (25s / no limit)[K[ [0;31m*[0;1;31m*[0m[0;31m*  [0m] A start job is running for LSB: App... initialization (26s / no limit)[K[[0;31m*[0;1;31m*[0m[0;31m*   [0m] A start job is running for LSB: App... initialization (27s / no limit)[K[[0;1;31m*[0m[0;31m*    [0m] A start job is running for LSB: App... initialization (27s / no limit)[K[[0m[0;31m*     [0m] A start job is running for LSB: App... initialization (28s / no limit)[K[[0;1;31m*[0m[0;31m*    [0m] A start job is running for LSB: App... initialization (28s / no limit)[K[[0;31m*[0;1;31m*[0m[0;31m*   [0m] A start job is running for LSB: App... initialization (29s / no limit)[K[ [0;31m*[0;1;31m*[0m[0;31m*  [0m] A start job is running for LSB: App... initialization (29s / no limit)[K[  [0;31m*[0;1;31m*[0m[0;31m* [0m] A start job is running for LSB: App... initialization (30s / no limit)[K[   [0;31m*[0;1;31m*[0m[0;31m*[0m] A start job is running for LSB: App... initialization (30s / no limit)[K[    [0;31m*[0;1;31m*[0m] A start job is running for LSB: App... initialization (31s / no limit)[K[     [0;31m*[0m] A start job is running for LSB: App... initialization (31s / no limit)[K[    [0;31m*[0;1;31m*[0m] A start job is running for LSB: App... initialization (32s / no limit)[K[   [0;31m*[0;1;31m*[0m[0;31m*[0m] A start job is running for LSB: App... initialization (33s / no limit)[K[  [0;31m*[0;1;31m*[0m[0;31m* [0m] A start job is running for LSB: App... initialization (33s / no limit)[K[ [0;31m*[0;1;31m*[0m[0;31m*  [0m] A start job is running for LSB: App... initialization (35s / no limit)[K[[0;31m*[0;1;31m*[0m[0;31m*   [0m] A start job is running for LSB: App... initialization (36s / no limit)[K[[0;32m  OK  [0m] Started LSB: AppArmor initialization.
         Starting Raise network interfaces...
[[0;32m  OK  [0m] Started ifup for enp0s3.
[[0;32m  OK  [0m] Started Raise network interfaces.
[[0;32m  OK  [0m] Reached target Network.
         Starting Initial cloud-init job (metadata service crawler)...
[   90.036436] cloud-init[953]: Cloud-init v. 18.2 running 'init' at Wed, 25 Jul 2018 00:58:26 +0000. Up 89.68 seconds.
[   90.101316] cloud-init[953]: ci-info: +++++++++++++++++++++++++++++++++++++Net device info+++++++++++++++++++++++++++++++++++++
[   90.153295] cloud-init[953]: ci-info: +--------+------+---------------------------+---------------+-------+-------------------+
[   90.184019] cloud-init[953]: ci-info: | Device |  Up  |          Address          |      Mask     | Scope |     Hw-Address    |
[   90.184803] cloud-init[953]: ci-info: +--------+------+---------------------------+---------------+-------+-------------------+
[[0;32m  OK  [0m] Started Initial cloud-init job (metadata service crawler).
[   90.185424] cloud-init[953]: ci-info: | enp0s3 | True |         10.0.2.15         | 255.255.255.0 |   .   | 02:21:52:1a:0a:14 |
[   90.493772] cloud-init[953]: [ci-info: | enp0s3 | True | fe80::21:52ff:fe1a:a14/64 |       .       |  link | 02:21:52:1a:0a:14 |[0;32m  OK  [0m
] Reached target Network is Online.
         Starting iSCSI initiator daemon (iscsid)...
[   90.611826] cloud-init[953]: ci-info: |   lo   | True |         127.0.0.1         |   255.0.0.0   |   .   |         .         |
[[   90.659869] cloud-init[953]: ci-info: |   lo   | True |          ::1/128          |       .       |  host |         .         |
[   90.661673] cloud-init[953]: ci-info: +--------+------+---------------------------+---------------+-------+-------------------+
[0;32m  OK  [0m] Reached target Cloud-config availability.
[   90.661809] cloud-init[953]: ci-info: +++++++++++++++++++++++++++Route IPv4 info++++++++++++++++++++++++++++
[[0;32m  OK  [0m] Reached target System Initialization.
[[0;32m  OK  [0m[   90.870332] ] cloud-initListening on D-Bus System Message Bus Socket.[953]: 
ci-info: +-------+-------------+----------+---------------+-----------+-------+
[   91.044554] cloud-init[953]: ci-info: | Route | Destination | Gateway  |    Genmask    | Interface | Flags |
[[0;32m  OK  [0m] [   91.045227] Started ACPI Events Check.cloud-init
[953]: ci-info: +-------+-------------+----------+---------------+-----------+-------+
[[   91.119944] cloud-init[953]: ci-info: |   0   |   0.0.0.0   | 10.0.2.2 |    0.0.0.0    |   enp0s3  |   UG  |
[   91.121058] cloud-init[953]: ci-info: |   1   |   10.0.2.0  | 0.0.0.0  | 255.255.255.0 |   enp0s3  |   U   |
[0;32m  OK  [0m] Reached target Paths.
[   91.121360] cloud-init[953]: ci-info: +-------+-------------+----------+---------------+-----------+-------+
         Starting LXD - unix socket.
[[0;32m  OK  [0m] Listening on ACPID Listen Socket.
[[0;32m  OK  [0m] Started Daily apt download activities.
[[0;32m  OK  [0m] Started Daily apt upgrade and clean activities.
[[0;32m  OK  [0m] Started Daily Cleanup of Temporary Directories.
[[0;32m  OK  [0m] Reached target Timers.
[[0;32m  OK  [0m] Listening on UUID daemon activation socket.
         Starting Socket activation for snappy daemon.
[[0;32m  OK  [0m] Listening on LXD - unix socket.
[[0;32m  OK  [0m] Listening on Socket activation for snappy daemon.
[[0;32m  OK  [0m] Started iSCSI initiator daemon (iscsid).
         Starting Login to default iSCSI targets...
[[0;32m  OK  [0m] Reached target Sockets.
[[0;32m  OK  [0m] Reached target Basic System.
         Starting LSB: Record successful boot for GRUB...
[[0;32m  OK  [0m] Started Regular background program processing daemon.
[[0;32m  OK  [0m] Started FUSE filesystem for LXC.
         Starting /etc/rc.local Compatibility...
         Starting Accounts Service...
         Starting A high performance web server and a reverse proxy server...
         Starting OpenBSD Secure Shell server...
         Starting Apply the settings specified in cloud-config...
         Starting Virtualbox guest utils...
[[0;32m  OK  [0m] Started Unattended Upgrades Shutdown.
         Starting Snappy daemon...
         Starting Login Service...
[[0;32m  OK  [0m] Started D-Bus System Message Bus.
         Starting System Logging Service...
[[0;32m  OK  [0m] Started ACPI event daemon.
         Starting LSB: MD monitoring daemon...
[[0;32m  OK  [0m] Started Deferred execution scheduler.
         Starting LXD - container startup/shutdown...
[[0;32m  OK  [0m] Started System Logging Service.
[[0;32m  OK  [0m] Started /etc/rc.local Compatibility.
[[0;32m  OK  [0m] Started Login to default iSCSI targets.
[[0;32m  OK  [0m] Started LSB: Record successful boot for GRUB.
[[0;32m  OK  [0m] Started A high performance web server and a reverse proxy server.
[[0;32m  OK  [0m] Started LXD - container startup/shutdown.
[[0;32m  OK  [0m] Started LSB: MD monitoring daemon.
[[0;32m  OK  [0m] Started Login Service.
[[0;32m  OK  [0m] Started Virtualbox guest utils.
         Starting Authenticate and Authorize Users to Run Privileged Tasks...
[[0;32m  OK  [0m] Reached target Remote File Systems (Pre).
[[0;32m  OK  [0m] Reached target Remote File Systems.
         Starting LSB: automatic crash report generation...
         Starting LSB: daemon to balance interrupts for SMP systems...
         Starting Permit User Sessions...
         Starting LSB: Set the CPU Frequency Scaling governor to "ondemand"...
[[0;32m  OK  [0m] Started Permit User Sessions.
[[0;32m  OK  [0m] Started Authenticate and Authorize Users to Run Privileged Tasks.
[[0;32m  OK  [0m] Started Accounts Service.
[   93.374331] cloud-init[1037]: Cloud-init v. 18.2 running 'modules:config' at Wed, 25 Jul 2018 00:58:29 +0000. Up 93.10 seconds.
         Starting Hold until boot process finishes up...
         Starting Terminate Plymouth Boot Screen...
[[0;32m  OK  [0m] Started LSB: automatic crash report generation.
[[0;32m  OK  [0m] Started Apply the settings specified in cloud-config.
[[0;32m  OK  [0m] Started LSB: daemon to balance interrupts for SMP systems.
[[0;32m  OK  [0m] Started Hold until boot process finishes up.
[[0;32m  OK  [0m] Started Terminate Plymouth Boot Screen.
[[0;32m  OK  [0m] Started LSB: Set the CPU Frequency Scaling governor to "ondemand".
         Starting Set console scheme...
[[0;32m  OK  [0m] Started Getty on tty1.
[[0;32m  OK  [0m] Started Serial Getty on ttyS0.
[[0;32m  OK  [0m] Reached target Login Prompts.
[[0;32m  OK  [0m] Started Set console scheme.

Ubuntu 16.04.5 LTS ubuntu-xenial ttyS0

ubuntu-xenial login: [  124.402486] cloud-init[1223]: Cloud-init v. 18.2 running 'modules:final' at Wed, 25 Jul 2018 00:59:01 +0000. Up 124.18 seconds.
[  124.403262] cloud-init[1223]: Cloud-init v. 18.2 finished at Wed, 25 Jul 2018 00:59:01 +0000. Datasource DataSourceNoCloud [seed=/dev/sdb][dsmode=net].  Up 124.39 seconds
[[0;32m  OK  [0m] Stopped target Graphical Interface.
         Stopping Accounts Service...
         Stopping         Stopping LSB: Set the CPU Frequency Scaling governor to "ondemand"...
         Stopping Unattended Upgrades Shutdown...
         Stopping FUSE filesystem for LXC...
         Stopping Authenticate and Authorize Users to Run Privileged Tasks...
         Stopping User Manager for UID 1000...
         Stopping Snappy daemon...
[[0;32m  OK  [0m] Closed Load/Save RF Kill Switch Status /dev/rfkill Watch.
[[0;32m  OK  [0m] Unmounted /var/lib/lxcfs.
[[0;32m  OK  [0m] Stopped Regular background program processing daemon.
[[0;32m  OK  [0m] Stopped Accounts Service.
[[0;32m  OK  [0m] Stopped OpenBSD Secure Shell server.
[[0;32m  OK  [0m] Stopped Snappy daemon.
[[0;32m  OK  [0m] Stopped System Logging Service.
[[0;32m  OK  [0m] Stopped ACPI event daemon.
[[0;32m  OK  [0m] Stopped Deferred execution scheduler.
[[0;32m  OK  [0m] Stopped Authenticate and Authorize Users to Run Privileged Tasks.
[[0;32m  OK  [0m] Stopped Getty on tty1.
[[0;32m  OK  [0m] Stopped Serial Getty on ttyS0.
[[0;32m  OK  [0m] Stopped User Manager for UID 1000.
[[0;32m  OK  [0m] Stopped Session 1 of user vagrant.
[[0;32m  OK  [0m] Stopped Session 3 of user vagrant.
[[0;32m  OK  [0m] Stopped D-Bus System Message Bus.
[[0;32m  OK  [0m] Stopped A high performance web server and a reverse proxy server.
[[0;32m  OK  [0m] Stopped Unattended Upgrades Shutdown.
[[0;32m  OK  [0m] Stopped FUSE filesystem for LXC.
[[0;32m  OK  [0m] Stopped LSB: daemon to balance interrupts for SMP systems.
[[0;32m  OK  [0m] Stopped LSB: MD monitoring daemon.
[[0;32m  OK  [0m] Stopped LSB: Record successful boot for GRUB.
[[0;32m  OK  [0m] Stopped LXD - container startup/shutdown.
[[0;32m  OK  [0m] Stopped LSB: Set the CPU Frequency Scaling governor to "ondemand".
[[0;32m  OK  [0m] Stopped LSB: automatic crash report generation.
[[0;32m  OK  [0m] Stopped Virtualbox guest utils.
[[0;32m  OK  [0m] Removed slice User Slice of vagrant.
         Stopping Login Service...
[[0;32m  OK  [0m] Removed slice system-serial\x2dgetty.slice.
         Stopping Permit User Sessions...
[[0;32m  OK  [0m] Stopped /etc/rc.local Compatibility.
[[0;32m  OK  [0m] Removed slice system-getty.slice.
[[0;32m  OK  [0m] Stopped Login Service.
[[0;32m  OK  [0m] Stopped Permit User Sessions.
[[0;32m  OK  [0m] Stopped target Remote File Systems.
[[0;32m  OK  [0m] Stopped target Remote File Systems (Pre).
         Stopping Login to default iSCSI targets...
[[0;32m  OK  [0m] Stopped target User and Group Name Lookups.
[[0;32m  OK  [0m] Stopped target Basic System.
[[0;32m  OK  [0m] Stopped target Paths.
[[0;32m  OK  [0m] Stopped Forward Password Requests to Wall Directory Watch.
[[0;32m  OK  [0m] Stopped Dispatch Password Requests to Console Directory Watch.
[[0;32m  OK  [0m] Stopped ACPI Events Check.
[[0;32m  OK  [0m] Stopped target Slices.
[[0;32m  OK  [0m] Removed slice User and Session Slice.
[[0;32m  OK  [0m] Stopped target Sockets.
[[0;32m  OK  [0m] Closed Socket activation for snappy daemon.
[[0;32m  OK  [0m] Closed D-Bus System Message Bus Socket.
[[0;32m  OK  [0m] Closed LXD - unix socket.
[[0;32m  OK  [0m] Closed ACPID Listen Socket.
[[0;32m  OK  [0m] Closed Syslog Socket.
[[0;32m  OK  [0m] Closed UUID daemon activation socket.
[[0;32m  OK  [0m] Stopped target System Initialization.
[[0;32m  OK  [0m] Stopped target Encrypted Volumes.
         Stopping Load/Save Random Seed...
[[0;32m  OK  [0m] Stopped target Swap.
[[0;32m  OK  [0m] Stopped Create Volatile Files and Directories.
[[0;32m  OK  [0m] Stopped Load/Save Random Seed.
[[0;32m  OK  [0m] Stopped Login to default iSCSI targets.
         Stopping iSCSI initiator daemon (iscsid)...
[[0;32m  OK  [0m] Stopped iSCSI initiator daemon (iscsid).
[[0;32m  OK  [0m] Stopped target Network is Online.
[[0;32m  OK  [0m] Stopped Initial cloud-init job (metadata service crawler).
[[0;32m  OK  [0m] Stopped target Network.
         Stopping Raise network interfaces...
[[0;32m  OK  [0m] Stopped Raise network interfaces.
[[0;32m  OK  [0m] Stopped target Local File Systems.
         Unmounting /v_conf...
         Unmounting /v_hello...
         Unmounting /run/user/1000...
         Unmounting /vagrant...
[[0;32m  OK  [0m] Stopped Apply Kernel Variables.
[[0;32m  OK  [0m] Stopped target Network (Pre).
[[0;32m  OK  [0m] Stopped Initial cloud-init job (pre-networking).
[[0;32m  OK  [0m] Stopped Load Kernel Modules.
[[0;32m  OK  [0m] Unmounted /v_conf.
[[0;32m  OK  [0m] Unmounted /v_hello.
[[0;32m  OK  [0m] Unmounted /run/user/1000.
[[0;32m  OK  [0m] Unmounted /vagrant.
[[0;32m  OK  [0m] Reached target Unmount All Filesystems.
[[0;32m  OK  [0m] Stopped target Local File Systems (Pre).
[[0;32m  OK  [0m] Stopped Create Static Device Nodes in /dev.
[[0;32m  OK  [0m] Stopped Remount Root and Kernel File Systems.
[[0;32m  OK  [0m] Reached target Shutdown.
[  35.90] rebootPor wn
